// Jest Snapshot v1, https://goo.gl/fbAQLP

exports[`getEvents  component renders a SignupCompont  1`] = `<getEvents />`;
