// Jest Snapshot v1, https://goo.gl/fbAQLP

exports[`navigatePostEvents renders a Post event component  1`] = `<navigate />`;
